 vnr |   mname   |   mname   
-----+-----------+-----------
 1   | Meier     | Meier
 2   | Müller    | Müller
 3   | Bäcker    | Bäcker
 4   | Meier     | Meier
 5   | Maler     | Maler
 6   | Müller    | Müller
 7   | Müller    | Müller
 8   | Schreiner | Schreiner
 9   | Maler     | Maler
 10  | Meier     | Meier
 11  | Sattler   | Sattler
 12  | Meier     | Meier
 13  | Gärtner   | Gärtner
 14  | Tischler  | Tischler
(14 Zeilen)
