   anr    |      amodell      
----------+-------------------
 B-T411   | Smart Fortwo
 B-G9806  | VW Eos
 B-VX5656 | VW Polo
 B-VW1234 | VW Golf
 B-PI314  | VW Passat
 B-MT3577 | Audi A4
 B-EA9623 | Mercedes E-Klasse
 B-CR6501 | Mercedes S-Klasse
 B-AR7654 | VW Phaeton
 B-Z75483 | VW Golf
 B-ZC3761 | Mercedes V-Klasse
(11 Zeilen)
