      amodell      | ktagespreis 
-------------------+-------------
 VW Passat         |       49.00
 Mercedes C-Klasse |       49.00
 Audi A4           |       49.00
 Audi A6           |       89.00
 BMW 3er           |       49.00
 VW Eos            |       99.00
 BMW 5er           |       89.00
 BMW Z4            |       99.00
 Ford Mondeo       |       49.00
 Mercedes E-Klasse |       89.00
(10 Zeilen)
