 mnr |  mname  | mvorname | mplz  |  mort  |     mstr     | snr | splz  |  sort  |         sstr         
-----+---------+----------+-------+--------+--------------+-----+-------+--------+----------------------
 9   | Gärtner | Nicole   | 10587 | Berlin | Cauerstr. 23 | 1   | 10787 | Berlin | Budapester Straße 45
(1 Zeile)
