  mname   | mvorname  |       zname       
----------+-----------+-------------------
 Tischler | Torsten   | Kindersitz
 Meier    | Felix     | Navigationssystem
 Müller   | Torsten   | Kindersitz
 Meier    | Felix     | Schneeketten
 Maler    | Nadine    | Kindersitz
 Tischler | Torsten   | Winterreifen
 Müller   | Christoph | Winterreifen
(7 Zeilen)
