"anspechpartner";"fname";"kontakttel"
"Frau Lepsius";"Einkaufscenter";49400398
"Frau Lepsius";"Einkaufscenter";49400398
"Herr Can";"Zoo";87315599
"Herr Ulzan";"Fahrradwerkstatt";47535555
"Frau Lepsius";"Einkaufscenter";49400398
"Frau Lepsius";"Einkaufscenter";49400398
"Herr Can";"Zoo";87315599
"Herr Ulzan";"Fahrradwerkstatt";47535555
"Herr Can";"Zoo";87315599
