"Firma";"Praktikum"
"Einkaufscenter";"Tierpfleger"
"Einkaufscenter";"Handwerker"
"Einkaufscenter";"Verwaltungsangestellter"
"Einkaufscenter";"Verkäufer"
"Fahrradwerkstatt";"Verkäufer"
"Fahrradwerkstatt";"Monteur"
"Kindergarten";"Erzieher"
"Krankenhaus";"Krankenpfleger"
"Krankenhaus";"Handwerker"
"Krankenhaus";"Verwaltungsangestellter"
"Medienhaus";"Journalist"
"Medienhaus";"Mediengestalter"
"Medienhaus";"Verwaltungsangestellter"
"Zoo";"Tierpfleger"
