"sname";"svorname";"stel";"fname";"fstrassehnr";"fplz";"kontakttel";"kontaktmail"
"Erhardt";"Karl";56481227;"Krankenhaus";"Bucher Chaussee 57";"10049";98564777;"helios@berlin.de"
"Hartmann";"Anna-Maria";98214789;"Medienhaus";"Heidelberger Platz 34";"11235";49493333;"flottefeder@yahoo.de"
"Maurer";"Maria";9375489;"Krankenhaus";"Bucher Chaussee 57";"10049";98564777;"helios@berlin.de"
