06a) "Die Daten aller Tutoren für Mathematik Stufe 7; realisiert ohne NATURAL JOIN"
 snr | vorname  |  name   |   ortsteil   |        mail         | klasse | eltok | snr | fnr 
-----+----------+---------+--------------+---------------------+--------+-------+-----+-----
   8 | Hans     | Grell   | Hakenfelde   | H.Grell@hotmail.com |      9 | t     |   8 |   2
  13 | Anna     | Meinike | Siemensstadt | N.Meinike@web.de    |      8 | t     |  13 |   2
  14 | Michaela | Schmidt | Siemensstadt | MSchmidt@mail.de    |      8 | t     |  14 |   2
(3 Zeilen)

