30) "Alle Stunden von Meinike "
 stdnr |   fname    | bewertung 
-------+------------+-----------
     5 | Mathematik |         1
     6 | Mathematik |         2
     7 | Mathematik |         1
     8 | Mathematik |         3
     9 | Mathematik |         4
    10 | Mathematik |         2
(6 Zeilen)
