24a)"Die Namen und E-Mailadressen aller Tutoren die am Donnerstag, 9. Stunde, 6.KW in 2015 verfügbar sind. - mit Unterabfrage a"
  name   |        mail         |   fname    | stufe 
---------+---------------------+------------+-------
 Aust    | faust@istdoch.net   | Mathematik |     8
 Grell   | H.Grell@hotmail.com | Mathematik |     7
 Grell   | H.Grell@hotmail.com | NaWi       |     8
 Meinike | N.Meinike@web.de    | Mathematik |     7
(4 Zeilen)

