28) "Alle Stunden (Stundennummer) mit den Namen der Tutoren, sortiert nach Stundennummern."
 stdnr |  name   
-------+---------
     0 | Aust
     1 | Aust
     2 | Dussel
     3 | Grell
     4 | Depp
     5 | Meinike
     6 | Meinike
     7 | Meinike
     8 | Meinike
     9 | Meinike
    10 | Meinike
(11 Zeilen)

