08) "Die Nummern aller stattgefundenen Stunden mit dem Namen des unterrichteten Fachs"
 stdnr |   fname    
-------+------------
     0 | Mathematik
     1 | Mathematik
     2 | Deutsch
     3 | Mathematik
     4 | Englisch
     5 | Mathematik
     6 | Mathematik
     7 | Mathematik
     8 | Mathematik
     9 | Mathematik
    10 | Mathematik
(11 Zeilen)

