15) "Die Namen und E-Mailadressen aller Tutoren die Slots in KW 7, 2015 anbieten mit den entsprechenden Slots, sortiert nach Tagen"
 name  |        mail         | tag | stunde | kw | schuljahr 
-------+---------------------+-----+--------+----+-----------
 Grell | H.Grell@hotmail.com | Mit |      9 |  7 |      2015
(1 Zeile)

