//SQL Anfragen mit Kommentaren Projekt Datenbank Sportfest
//Anfrage4...alle Wettkämpfe, die auf dem Sportplatz statfinden.
//select WName from Wettkaempfe natural join Wettkampfstaetten where WKStName = 'Sportplatz';
//Ergebnis möglicherweise fehlerbehaftet ? 25m Schwimmen findet auf dem Sportplatz statt ? Kontrolle Table Stattfinden nötig
  wname      
-----------------
 800m Lauf
 Radfahren
 Kugelstoßen
 Standweitsprung
 Laufen
 25m Schwimmen
 Hochsprung
 Seilspringen

